
=== Client 7e2396894b0f14bb794c539f30e0a9d1 ===
Time: 2025-11-23T22:58:32.852Z
User-Agent: Mozilla/5.0 (Windows NT 10.0; Win64; x64) AppleWebKit/537.36 (KHTML, like Gecko) Chrome/142.0.0.0 Safari/537.36 Edg/142.0.0.0
Accept-Language: en-US,en;q=0.9
Accept: text/html,application/xhtml+xml,application/xml;q=0.9,image/avif,image/webp,image/apng,*/*;q=0.8,application/signed-exchange;v=b3;q=0.7
DNT: undefined
=====================

=== Client 45cf785ac3a7588ec0b309c9c1df89bd ===
Time: 2025-11-23T23:09:32.160Z
User-Agent: Mozilla/5.0 (Windows NT 10.0; Win64; x64) AppleWebKit/537.36 (KHTML, like Gecko) Chrome/142.0.0.0 Safari/537.36
Accept-Language: en-US,en;q=0.9
Accept: text/html,application/xhtml+xml,application/xml;q=0.9,image/avif,image/webp,image/apng,*/*;q=0.8,application/signed-exchange;v=b3;q=0.7
DNT: undefined
=====================

=== Client 7e2396894b0f14bb794c539f30e0a9d1 ===
Time: 2025-11-24T14:24:46.910Z
User-Agent: Mozilla/5.0 (Windows NT 10.0; Win64; x64) AppleWebKit/537.36 (KHTML, like Gecko) Chrome/142.0.0.0 Safari/537.36 Edg/142.0.0.0
Accept-Language: en-US,en;q=0.9
Accept: text/html,application/xhtml+xml,application/xml;q=0.9,image/avif,image/webp,image/apng,*/*;q=0.8,application/signed-exchange;v=b3;q=0.7
DNT: undefined
=====================

=== Client 45cf785ac3a7588ec0b309c9c1df89bd ===
Time: 2025-11-24T14:30:56.765Z
User-Agent: Mozilla/5.0 (Windows NT 10.0; Win64; x64) AppleWebKit/537.36 (KHTML, like Gecko) Chrome/142.0.0.0 Safari/537.36
Accept-Language: en-US,en;q=0.9
Accept: text/html,application/xhtml+xml,application/xml;q=0.9,image/avif,image/webp,image/apng,*/*;q=0.8,application/signed-exchange;v=b3;q=0.7
DNT: undefined
=====================

=== Client 441e9b97bfae8bb8e464437aeee0306d ===
Time: 2025-11-24T14:31:57.948Z
User-Agent: Mozilla/5.0 (Windows NT 10.0; Win64; x64; rv:145.0) Gecko/20100101 Firefox/145.0
Accept-Language: en-US,en;q=0.5
Accept: text/html,application/xhtml+xml,application/xml;q=0.9,*/*;q=0.8
DNT: undefined
=====================
